square    
surf
 1.0000000      0.0000000      0.0000000        # a1 parent lattice vector
 0.0000000      1.0000000      0.0000000        # a2 parent lattice vector
 0.0000000      0.0000000      1.0000000        # a3 parent lattice vector
    1 # Number of points in the multilattice
 0.0000000      0.0000000      0.0000000        # d01 d-vector
 2-nary case
   1   6 # only 2x3 case (edited by hand)
0.10000000E-03 # Epsilon (finite precision parameter)
Concentration check:
    F
full list of labelings (including incomplete labelings) is used
start   #tot      HNF     #size idx   pg    SNF             HNF                 Left transform                 labeling
          1       1           1   1   16   1  1  1    1  0  1  0  0  1      1   0   0   0   1   0   0   0   1  0
          2       1           2   1   16   1  1  1    1  0  1  0  0  1      1   0   0   0   1   0   0   0   1  1
          3       4           1   3    8   1  1  3    1  0  1  0  0  3      1   0   0   0   1   0   0   0   1  001
          4       4           1   3    8   1  1  3    1  0  3  0  0  1      1   0   0   0   1   1   0  -1  -3  001
          5       4           3   3    8   1  1  3    1  0  1  0  0  3      1   0   0   0   1   0   0   0   1  011
          6       5           5   6    8   1  1  6    1  0  2  0  0  3      1   0   0   0   1   1   0  -3  -2  000001
          7       5          10   6    8   1  1  6    1  0  2  0  0  3      1   0   0   0   1   1   0  -3  -2  000011
          8       5          15   6    8   1  1  6    1  0  2  0  0  3      1   0   0   0   1   1   0  -3  -2  000101
          9       5          20   6    8   1  1  6    1  0  2  0  0  3      1   0   0   0   1   1   0  -3  -2  000111
         10       5          25   6    8   1  1  6    1  0  2  0  0  3      1   0   0   0   1   1   0  -3  -2  001011
         11       5          30   6    8   1  1  6    1  0  2  0  0  3      1   0   0   0   1   1   0  -3  -2  001111
         12       5          35   6    8   1  1  6    1  0  2  0  0  3      1   0   0   0   1   1   0  -3  -2  010111
         13       5          40   6    8   1  1  6    1  0  2  0  0  3      1   0   0   0   1   1   0  -3  -2  011111
