fcc       
bulk
0.50000000     0.50000000      0.0000000        # a1 parent lattice vector
0.50000000      0.0000000     0.50000000        # a2 parent lattice vector
 0.0000000     0.50000000     0.50000000        # a3 parent lattice vector
    1 # Number of points in the multilattice
 0.0000000      0.0000000      0.0000000        # d01 d-vector
 2-nary case
   2   4 # Starting and ending cell sizes for search
0.10000000E-03 # Epsilon (finite precision parameter)
Concentration check:
    F
partial list of labelings (complete labelings only) is used
start   #tot      HNF     #size idx   pg    SNF             HNF                 Left transform                 labeling
          1       1           1   2   12   1  1  2    1  0  1  0  0  2      1   0   0   0   1   0   0   0   1  01
          2       2           2   2   16   1  1  2    1  0  1  0  1  2      1   0   0   0   1   0   0  -1   1  01
          3       3           1   3   12   1  1  3    1  0  1  0  0  3      1   0   0   0   1   0   0   0   1  001
          4       4           2   3    8   1  1  3    1  0  1  0  1  3      1   0   0   0   1   0   0  -1   1  001
          5       5           3   3   16   1  1  3    1  0  1  0  2  3      1   0   0   0   1   0   0  -2   1  001
          6       6           1   4   12   1  1  4    1  0  1  0  0  4      1   0   0   0   1   0   0   0   1  0001
          7       7           2   4    8   1  1  4    1  0  1  0  1  4      1   0   0   0   1   0   0  -1   1  0001
          8       8           3   4    4   1  1  4    1  0  1  0  2  4      1   0   0   0   1   0   0  -2   1  0001
          9       9           4   4   16   1  1  4    1  0  1  0  3  4      1   0   0   0   1   0   0  -3   1  0001
         10      10           5   4   16   1  1  4    1  0  1  1  2  4      1   0   0   0   1   0  -1  -2   1  0001
         11       6           6   4   12   1  1  4    1  0  1  0  0  4      1   0   0   0   1   0   0   0   1  0011
         12       7           7   4    8   1  1  4    1  0  1  0  1  4      1   0   0   0   1   0   0  -1   1  0011
         13       8           8   4    4   1  1  4    1  0  1  0  2  4      1   0   0   0   1   0   0  -2   1  0011
         14       9           9   4   16   1  1  4    1  0  1  0  3  4      1   0   0   0   1   0   0  -3   1  0011
         15      10          10   4   16   1  1  4    1  0  1  1  2  4      1   0   0   0   1   0  -1  -2   1  0011
         16      11          11   4    8   1  2  2    1  0  2  0  0  2      1   0   0   0   1   0   0   0   1  0001
         17      12          12   4   48   1  2  2    1  1  2  1  0  2      1   0   0  -1   1   0  -1   0   1  0001
